
> rk-consultancy@0.1.0 build
> next build

   Γû▓ Next.js 14.1.0
   - Environments: .env.local

   Creating an optimized production build ...
 Γ£ô (pwa) Compiling for server...
 Γ£ô (pwa) Compiling for server...
 Γ£ô (pwa) Compiling for client (static)...
 Γùï (pwa) Service worker: C:\Users\reava\OneDrive\Attachments\my ai creations\projects with antigravity\first project\study-manager\public\sw.js
 Γùï (pwa)   URL: /sw.js
 Γùï (pwa)   Scope: /
node.exe : Failed to 
compile.
At line:1 char:1
+ & "C:\Program 
Files\nodejs/node.exe" 
"C:\Program 
Files\nodejs/node_mo ...
+ ~~~~~~~~~~~~~~~~~~~~~~~~~
~~~~~~~~~~~~~~~~~~~~~~~~~~~
~~~~~~~~~~~~~~~~~
    + CategoryInfo         
     : NotSpecified: (Fai  
  led to compile.:String   
 ) [], RemoteException
    + FullyQualifiedErrorI 
   d : NativeCommandError
 

./src/app/layout.tsx
Module not found: Can't 
resolve 
'@vercel/analytics/react'

https://nextjs.org/docs/mes
sages/module-not-found

./src/app/layout.tsx
Module not found: Can't 
resolve '@vercel/speed-insi
ghts/next'

https://nextjs.org/docs/mes
sages/module-not-found


> Build failed because of 
webpack errors
